2025-09-27 12:17:51,622 - INFO - Загрузка основного файла: Движение товара.xlsx...
2025-09-27 12:17:52,371 - INFO - Столбец с наименованиями определен как: 'Место хранения_Номенклатура'
2025-09-27 12:17:52,371 - INFO - Загрузка и объединение файлов-каталогов...
2025-09-27 12:17:53,673 - INFO -  - Каталог 'products_garfield_1.xlsx' успешно загружен.
2025-09-27 12:17:54,895 - INFO -  - Каталог 'products_garfield_2.xlsx' успешно загружен.
2025-09-27 12:17:55,793 - INFO -  - Каталог 'products_garfield_3.xlsx' успешно загружен.
2025-09-27 12:17:55,805 - INFO - Всего позиций в каталогах до очистки: 27465
2025-09-27 12:17:55,829 - INFO - Всего позиций в каталогах после очистки: 27465
2025-09-27 12:17:55,830 - INFO - Этап загрузки и предобработки данных завершен.
2025-09-27 12:17:55,832 - INFO - Начинается этап ручного сопоставления по словарю...
2025-09-27 12:17:55,874 - INFO - Очистка ключей словаря для ручного сопоставления...
2025-09-27 12:17:55,884 - INFO - Очистка ключей завершена. Размер словаря: 815.
2025-09-27 12:17:59,061 - INFO - Выполнено 816 сопоставлений по ручному словарю.
2025-09-27 12:17:59,061 - INFO -
=============== ИТОГОВЫЙ ОТЧЕТ ===============
2025-09-27 12:17:59,061 - INFO - Всего обработано строк: 2150
2025-09-27 12:17:59,062 - INFO - ИТОГО найдено совпадений: 816
2025-09-27 12:17:59,062 - INFO - Осталось без совпадений: 1334
2025-09-27 12:17:59,062 - INFO - ================================================
2025-09-27 12:17:59,062 - INFO - Начинается этап генерации выходных файлов...
2025-09-27 12:17:59,062 - INFO - Сохранение основного файла с результатами в 'output_with_url.xlsx'...
2025-09-27 12:17:59,678 - INFO - Файл 'output_with_url.xlsx' успешно создан.
2025-09-27 12:17:59,679 - INFO - Создание отладочного отчета 'debug_report.txt'...
2025-09-27 12:18:01,423 - INFO - Отчет 'debug_report.txt' успешно создан.
2025-09-27 12:18:01,431 - INFO - Скрипт завершил работу за 9.81 секунд.
